[backblue.gif]
[fade.gif]
[index.html]
[d1t2fddy6amcvs.cloudfront.net/images/seo/seo.jpg]
[d1t2fddy6amcvs.cloudfront.net/favicon/apple-icon-57x57.png]
[d1t2fddy6amcvs.cloudfront.net/favicon/apple-icon-60x60.png]
[d1t2fddy6amcvs.cloudfront.net/favicon/apple-icon-72x72.png]
[d1t2fddy6amcvs.cloudfront.net/favicon/apple-icon-76x76.png]
[d1t2fddy6amcvs.cloudfront.net/favicon/apple-icon-114x114.png]
[d1t2fddy6amcvs.cloudfront.net/favicon/apple-icon-120x120.png]
[d1t2fddy6amcvs.cloudfront.net/favicon/apple-icon-144x144.png]
[d1t2fddy6amcvs.cloudfront.net/favicon/apple-icon-152x152.png]
[d1t2fddy6amcvs.cloudfront.net/favicon/apple-icon-180x180.png]
[d1t2fddy6amcvs.cloudfront.net/favicon/android-icon-192x192.png]
[d1t2fddy6amcvs.cloudfront.net/favicon/favicon-32x32.png]
[d1t2fddy6amcvs.cloudfront.net/favicon/favicon-96x96.png]
[d1t2fddy6amcvs.cloudfront.net/favicon/favicon-16x16.png]
[d1t2fddy6amcvs.cloudfront.net/favicon/ms-icon-144x144.png]
[d1t2fddy6amcvs.cloudfront.net/slider/2eb9e157-48d6-4b7d-b0b8-f1903160380a.png]
[d1t2fddy6amcvs.cloudfront.net/slider/e89b7092-401e-464b-b1f0-f388eca5936e.png]
[d1t2fddy6amcvs.cloudfront.net/slider/038df566-f509-461e-95a9-acdc0cc6389c.png]
[d1t2fddy6amcvs.cloudfront.net/slider/32f1b2dd-22bc-43a9-8344-313cbf44f5e7.png]
[www.prestigeconstructions.com/resources/media/js/jquery.min.js]
[www.prestigeconstructions.com/resources/media/js/splide.min.js]
[www.prestigeconstructions.com/resources/media/js/jquery-validate.min.js]
[www.prestigeconstructions.com/resources/media/js/flatpickr.min.js]
[www.prestigeconstructions.com/resources/media/js/fancybox.min.js]
[www.prestigeconstructions.com/resources/media/js/select2.min.js]
[www.prestigeconstructions.com/resources/media/js/ion-rangeslider.min.js]
[www.prestigeconstructions.com/resources/media/js/pure-counter.min.js]
[www.prestigeconstructions.com/resources/media/js/custom.min.js]
[www.prestigeconstructions.com/resources/media/js/all-custom.min.js]
[dashboard.preoss.in/socket.io/socket.io.min.js]
[www.prestigeconstructions.com/assets/dynamic-js/1cfa0553947b7e90e378decb9cb3f54f.js]
[www.prestigeconstructions.com/assets/dynamic-js/e8817ddeda5bbde2677f5317b0fd4ef8.js]
[www.prestigeconstructions.com/assets/dynamic-js/07e8a34e85e7128db2440f34041929bc.js]
[www.prestigeconstructions.com/assets/dynamic-js/2fdb518bf31340a7f7905d859e8e4670.js]
[www.prestigeconstructions.com/assets/dynamic-js/cfd745107e6651e3b63a3348a33de7a1.js]
[www.prestigeconstructions.com/index.html]
[www.prestigeconstructions.com/assets/dynamic-js/8f6049fddadc2bc9882eeca2a5aa585b.js]
[www.prestigeconstructions.com/hi.html]
[dns.devnagri.com/dota7124.js]
[www.prestigeconstructions.com/kn.html]
[www.prestigeconstructions.com/resources/media/css/inc-css-all812b.css]
[www.prestigeconstructions.com/resources/media/css/inc-custom812b.css]
[www.googletagmanager.com/gtm5445.html]
[dns.devnagri.com/dota0baf.js]
[www.prestigeconstructions.com/assets/dynamic-js/500d461269a815e5fb6a087402ebc3b4.js]
[www.prestigeconstructions.com/about-us.html]
[www.prestigeconstructions.com/assets/dynamic-js/bdabdb331469edd5d888e99ad18aeba7.js]
[www.prestigeconstructions.com/residential-projects.html]
[www.prestigeconstructions.com/assets/dynamic-js/8c71bc463530e30a4ea31c601bd9bfbc.js]
[d1t2fddy6amcvs.cloudfront.net/commercial-projects-new/Prestige_Century_Landmark_Hebbal_05.png]
[d1t2fddy6amcvs.cloudfront.net/commercial-projects-new/prestige_2.0_banner.png]
[www.prestigeconstructions.com/assets/dynamic-js/fd358ae34a87617eca0e85c00a6ac9f2.js]
[www.prestigeconstructions.com/assets/dynamic-js/e6d1b6cfba20cf7d50b43e2cd4cf5d49.js]
[www.prestigeconstructions.com/assets/dynamic-js/88858850514d301c4d89f0e3247d431e.js]
[www.prestigeconstructions.com/assets/dynamic-js/4a9ffbfcf1b175f19485cfdf320e6741.js]
[www.prestigeconstructions.com/offices.html]
[www.prestigeconstructions.com/assets/dynamic-js/09ae32c489a37865a9bed45f175264da.js]
[www.prestigeconstructions.com/rental-projects.html]
[www.prestigeconstructions.com/assets/dynamic-js/c75f2f35336ee314d0a684d9a136cceb.js]
[www.prestigeconstructions.com/hospitality.html]
[www.prestigeconstructions.com/assets/dynamic-js/aa887a072df4e18ff50cd6b04d1e64a8.js]
[www.prestigeconstructions.com/retail-projects.html]
[www.prestigeconstructions.com/assets/dynamic-js/eae67bdc516dc4cf60afdde3243642a7.js]
[preossprod.s3.ap-south-1.amazonaws.com/nri-campaign/Prestige-NRI---Digital-adapts-1920-x-810.png]
[d1t2fddy6amcvs.cloudfront.net/nri-campaign/city-images/Bangalore-1.jpeg]
[d1t2fddy6amcvs.cloudfront.net/nri-campaign/city-images/Mumbai-2.jpeg]
[d1t2fddy6amcvs.cloudfront.net/nri-campaign/city-images/Hyderabad-4.jpeg]
[d1t2fddy6amcvs.cloudfront.net/nri-campaign/city-images/Cochin-4.jpeg]
[d1t2fddy6amcvs.cloudfront.net/nri-campaign/city-images/Delhi---NCR-3.jpeg]
[d1t2fddy6amcvs.cloudfront.net/nri-campaign/city-images/Mangalore-1.jpeg]
[d1t2fddy6amcvs.cloudfront.net/nri-campaign/city-images/Chennai-1.jpeg]
[d1t2fddy6amcvs.cloudfront.net/nri-campaign/city-images/Kozhikode-3.jpeg]
[d1t2fddy6amcvs.cloudfront.net/nri-campaign/city-images/Goa-4.jpeg]
[www.prestigeconstructions.com/assets/dynamic-js/4e9b58e1d6599682c467f44056547813.js]
[www.prestigeconstructions.com/nri-corner.html]
[www.prestigeconstructions.com/assets/dynamic-js/5cf7f6b37b8c5b738b64c0c636e3ab03.js]
[www.prestigeconstructions.com/assets/dynamic-js/6a9d1bf511160b8e68fbf6ee73a32660.js]
[www.prestigeconstructions.com/upcoming-projects.html]
[www.prestigeconstructions.com/assets/dynamic-js/b07a1bd508d2ac2a63c6792f774953de.js]
[www.prestigeconstructions.com/our-investors.html]
[www.prestigeconstructions.com/assets/dynamic-js/b46d1e1b17b22d887c2c6975a169184c.js]
[www.prestigeconstructions.com/news.html]
[www.prestigeconstructions.com/assets/dynamic-js/ef43d4712e03e15c33f9177cd8330589.js]
[www.prestigeconstructions.com/events.html]
[www.prestigeconstructions.com/assets/dynamic-js/0b7f678e52b20a86357c90590e667ea4.js]
[www.prestigeconstructions.com/assets/dynamic-js/4962e45f23581410e230bcbe007dbff6.js]
[www.prestigeconstructions.com/awards.html]
[www.prestigeconstructions.com/assets/dynamic-js/7c9a6189fdf05a7c2935b3ff5928269e.js]
[www.prestigeconstructions.com/our-brands.html]
[www.prestigeconstructions.com/assets/dynamic-js/07947af723bcf2de29cdfd6b6f7b5695.js]
[www.prestigeconstructions.com/assets/dynamic-js/293598c07057ac87c7073bd069be59c6.js]
[www.prestigeconstructions.com/blog.html]
[www.prestigeconstructions.com/assets/dynamic-js/1328d6a5afd55fb16f45f0689e4338bc.js]
[www.prestigeconstructions.com/faq.html]
[www.prestigeconstructions.com/assets/dynamic-js/baa718c3174692bd811c419818708d05.js]
[www.prestigeconstructions.com/assets/dynamic-js/c24b6263da30174275b4343d6c97c41f.js]
[www.prestigeconstructions.com/contact-us.html]
[www.prestigeconstructions.com/assets/dynamic-js/0cb3ffb595f4e354d8cb68a69abc95e4.js]
[d1t2fddy6amcvs.cloudfront.net/images/falcon-connect-bg.jpeg]
[www.prestigeconstructions.com/falcon-connect.html]
[www.prestigeconstructions.com/assets/dynamic-js/7d941e023c100bae6ec5d0325b6751eb.js]
[www.prestigeconstructions.com/assets/dynamic-js/ee4c1279ac7549df37a017f7f7dee3a6.js]
[www.prestigeconstructions.com/assets/dynamic-js/5d4b8535dd4ecaf703f2cdf1aac711e9.js]
[www.prestigeconstructions.com/residential-projects/chennai/prestige-palm-court.html]
[www.prestigeconstructions.com/assets/dynamic-js/71d93e2f43d2cc8d8b4ba01dbb628223.js]
[www.prestigeconstructions.com/terms-and-conditions.html]
[www.prestigeconstructions.com/privacy-policy.html]
[d1t2fddy6amcvs.cloudfront.net/css/pgchat.min2b2f.css]
[www.prestigeconstructions.com/hi/index.html]
[www.prestigeconstructions.com/assets/dynamic-js/2ff739aa683830cdb6d0d1e0f28796af.js]
[www.prestigeconstructions.com/hi/about-us.html]
[dns.devnagri.com/dota9d17.js]
[www.prestigeconstructions.com/hi/residential-projects.html]
[dns.devnagri.com/dotaaaf3.js]
[www.prestigeconstructions.com/hi/offices.html]
[dns.devnagri.com/dota75b8.js]
[www.prestigeconstructions.com/hi/rental-projects.html]
[dns.devnagri.com/dotac068.js]
[www.prestigeconstructions.com/hi/hospitality.html]
[dns.devnagri.com/dotad1cc.js]
[www.prestigeconstructions.com/hi/retail-projects.html]
[dns.devnagri.com/dotae32e.js]
[www.prestigeconstructions.com/hi/upcoming-projects.html]
[dns.devnagri.com/dotaf3e2.js]
[www.prestigeconstructions.com/hi/our-investors.html]
[dns.devnagri.com/dota32ff.js]
[www.prestigeconstructions.com/assets/dynamic-js/813ee0ea6ff03e1a559431bf62b2e2d8.js]
[www.prestigeconstructions.com/hi/news.html]
[dns.devnagri.com/dotac25f.js]
[www.prestigeconstructions.com/hi/events.html]
[dns.devnagri.com/dotac33f.js]
[www.prestigeconstructions.com/hi/awards.html]
[dns.devnagri.com/dota3bcd.js]
[www.prestigeconstructions.com/hi/our-brands.html]
[dns.devnagri.com/dota4d8e.js]
[www.prestigeconstructions.com/hi/faq.html]
[dns.devnagri.com/dotaee36.js]
[www.prestigeconstructions.com/hi/contact-us.html]
[dns.devnagri.com/dotaaed6.js]
[www.prestigeconstructions.com/hi/falcon-connect.html]
[dns.devnagri.com/dotaac5f.js]
[www.prestigeconstructions.com/hi/residential-projects/chennai/prestige-palm-court.html]
[dns.devnagri.com/dotaba07.js]
[www.prestigeconstructions.com/hi/terms-and-conditions.html]
[dns.devnagri.com/dota0f30.js]
[www.prestigeconstructions.com/hi/privacy-policy.html]
[d1t2fddy6amcvs.cloudfront.net/css/pgchat.mina01c.css]
[www.prestigeconstructions.com/kn/index.html]
[dns.devnagri.com/dota1fd6.js]
[www.prestigeconstructions.com/kn/about-us.html]
[dns.devnagri.com/dotac0f0.js]
[www.prestigeconstructions.com/kn/residential-projects.html]
[dns.devnagri.com/dota006e.js]
[www.prestigeconstructions.com/kn/offices.html]
[dns.devnagri.com/dota7a4d.js]
[www.prestigeconstructions.com/kn/rental-projects.html]
[dns.devnagri.com/dotab1ed.js]
[www.prestigeconstructions.com/kn/hospitality.html]
[dns.devnagri.com/dotaece5.js]
[www.prestigeconstructions.com/kn/retail-projects.html]
[dns.devnagri.com/dota4769.js]
[www.prestigeconstructions.com/kn/upcoming-projects.html]
[dns.devnagri.com/dotabd3d.js]
[www.prestigeconstructions.com/kn/our-investors.html]
[dns.devnagri.com/dota2d61.js]
[www.prestigeconstructions.com/kn/news.html]
[dns.devnagri.com/dotab8b3.js]
[www.prestigeconstructions.com/kn/events.html]
[dns.devnagri.com/dotaa119.js]
[www.prestigeconstructions.com/kn/awards.html]
[dns.devnagri.com/dota255f.js]
[www.prestigeconstructions.com/kn/our-brands.html]
[dns.devnagri.com/dotaadd6.js]
[www.prestigeconstructions.com/kn/faq.html]
[dns.devnagri.com/dota94b8.js]
[www.prestigeconstructions.com/kn/contact-us.html]
[dns.devnagri.com/dota8612.js]
[www.prestigeconstructions.com/kn/falcon-connect.html]
[dns.devnagri.com/dota9c1c.js]
[www.prestigeconstructions.com/kn/residential-projects/chennai/prestige-palm-court.html]
[dns.devnagri.com/dota0616.js]
[www.prestigeconstructions.com/kn/terms-and-conditions.html]
[dns.devnagri.com/dotafb81.js]
[www.prestigeconstructions.com/kn/privacy-policy.html]
[d1t2fddy6amcvs.cloudfront.net/css/pgchat.mineb2a.css]
[d1t2fddy6amcvs.cloudfront.net/css/pgchat.min2ada.css]
[d1t2fddy6amcvs.cloudfront.net/css/pgchat.min00f1.css]
[d1t2fddy6amcvs.cloudfront.net/commercial-projects-new/css/commercial-new-v2.css]
[www.prestigeconstructions.com/offices/commercial-projects.html]
[d1t2fddy6amcvs.cloudfront.net/css/pgchat.min3d81.css]
[dns.devnagri.com/dota7ae7.js]
[www.prestigeconstructions.com/residential-projects/bangalore.html]
[www.prestigeconstructions.com/assets/dynamic-js/0b58229621a7ab82419bf07b48bfeca6.js]
[www.prestigeconstructions.com/residential-projects/mumbai.html]
[www.prestigeconstructions.com/residential-projects/hyderabad.html]
[www.prestigeconstructions.com/residential-projects/cochin.html]
[www.prestigeconstructions.com/residential-projects/delhi-ncr.html]
[www.prestigeconstructions.com/residential-projects/mangalore.html]
[www.prestigeconstructions.com/residential-projects/chennai.html]
[www.prestigeconstructions.com/residential-projects/kozhikode.html]
[www.prestigeconstructions.com/residential-projects/goa.html]
[www.prestigeconstructions.com/nri-corner/rbi-guidelines.html]
[d1t2fddy6amcvs.cloudfront.net/css/pgchat.min1e22.css]
[www.prestigeconstructions.com/assets/dynamic-js/42b024ca02dc374b32d9f9aa41dde74b.js]
[www.prestigeconstructions.com/assets/dynamic-js/22edc7ee34f4cce08fb83dd00d064955.js]
[www.prestigeconstructions.com/assets/dynamic-js/f656dd4c6ff98bd1502a090f55d2b0c2.js]
[www.prestigeconstructions.com/upcoming-projects/hyderabad.html]
[www.prestigeconstructions.com/assets/dynamic-js/40016fd75dad524ba70be5337555e0ab.js]
[d1t2fddy6amcvs.cloudfront.net/upcoming/bangalore/TPC---Teaser---Digital-Adapts-1920-x-810.png]
[www.prestigeconstructions.com/upcoming-projects/bangalore.html]
[www.prestigeconstructions.com/news/2026/june.html]
[www.prestigeconstructions.com/assets/dynamic-js/78ea0427c7177c3bf8b361bf463dd330.js]
[www.prestigeconstructions.com/news/2026/may.html]
[www.prestigeconstructions.com/assets/dynamic-js/80a723c131a6a524725cba3ae820b9dd.js]
[www.prestigeconstructions.com/news/2026/april.html]
[www.prestigeconstructions.com/assets/dynamic-js/df5e1cce428bb7ae3c6a010b51d8d5b8.js]
[www.prestigeconstructions.com/news/2026/march.html]
[www.prestigeconstructions.com/assets/dynamic-js/e776277195f7c18e58856081dd23c228.js]
[www.prestigeconstructions.com/news/2026/february.html]
[www.prestigeconstructions.com/assets/dynamic-js/7cac430b3ae4b83271d43e91a8a296dc.js]
[www.prestigeconstructions.com/news/2026/january.html]
[www.prestigeconstructions.com/assets/dynamic-js/410f96e0631c0a49eb8008bb8b42bd77.js]
[www.prestigeconstructions.com/news/2025/december.html]
[www.prestigeconstructions.com/assets/dynamic-js/56768f2c224eebcbe1e9e499a4012f8f.js]
[www.prestigeconstructions.com/news/2025/november.html]
[www.prestigeconstructions.com/assets/dynamic-js/11fa5a711c9f25b2b50a9d32381a30e0.js]
[www.prestigeconstructions.com/news/2025/october.html]
[www.prestigeconstructions.com/assets/dynamic-js/efb3bba0b8a03838306f9d5456acd227.js]
[www.prestigeconstructions.com/news/2025/september.html]
[www.prestigeconstructions.com/assets/dynamic-js/13e280d5323efae408a10a3d020a1833.js]
[www.prestigeconstructions.com/news/2025/august.html]
[www.prestigeconstructions.com/assets/dynamic-js/4d95b77d69e8ca030e716d1bbf2ee875.js]
[www.prestigeconstructions.com/news/2025/july.html]
[www.prestigeconstructions.com/assets/dynamic-js/4345b89f1c5619b16c7a42dbec407bde.js]
[www.prestigeconstructions.com/news/2025/june.html]
[www.prestigeconstructions.com/assets/dynamic-js/5c1be98b3e648680241d5457d71fc129.js]
[www.prestigeconstructions.com/news/2025/may.html]
[www.prestigeconstructions.com/assets/dynamic-js/526bf8397e5867ab0497ed3920620daf.js]
[www.prestigeconstructions.com/news/2025/april.html]
[www.prestigeconstructions.com/assets/dynamic-js/69bd09b68e7493d1e6e8c875cf18bdff.js]
[www.prestigeconstructions.com/news/2025/march.html]
[www.prestigeconstructions.com/assets/dynamic-js/03ae386bd116c25014469ef3c4576058.js]
[www.prestigeconstructions.com/news/2025/february.html]
[www.prestigeconstructions.com/assets/dynamic-js/892537911aecebbc0c77933b57b52427.js]
[www.prestigeconstructions.com/news/2025/january.html]
[www.prestigeconstructions.com/assets/dynamic-js/12f394a8fb3b749ae3b469a99f16b204.js]
[www.prestigeconstructions.com/news/2024/december.html]
[www.prestigeconstructions.com/assets/dynamic-js/4c9733df28aca09315a7023757699665.js]
[www.prestigeconstructions.com/news/2024/november.html]
[www.prestigeconstructions.com/assets/dynamic-js/30541365a9748e78ae88c46e05c6271d.js]
[www.prestigeconstructions.com/news/2024/october.html]
[www.prestigeconstructions.com/assets/dynamic-js/5fbafef7560a5d0a353af18ec25f904c.js]
[www.prestigeconstructions.com/news/2024/september.html]
[www.prestigeconstructions.com/assets/dynamic-js/c649d38d5bd30af091695c1e10be2841.js]
[www.prestigeconstructions.com/news/2024/august.html]
[www.prestigeconstructions.com/assets/dynamic-js/5ed2d38fdd87eea9ee7c88ee2c1fe998.js]
[www.prestigeconstructions.com/news/2024/july.html]
[www.prestigeconstructions.com/assets/dynamic-js/dac8e063ddc1537122574791d5707bc9.js]
[www.prestigeconstructions.com/news/2024/june.html]
[www.prestigeconstructions.com/assets/dynamic-js/4f82643edb0b9292df364e1589201c56.js]
[www.prestigeconstructions.com/news/2024/may.html]
[www.prestigeconstructions.com/assets/dynamic-js/f5d73cd43572aa5b1e02a529f675c9fa.js]
[www.prestigeconstructions.com/news/2024/april.html]
[www.prestigeconstructions.com/assets/dynamic-js/51e242f4a927e9c408adbf76a3fc6166.js]
[www.prestigeconstructions.com/news/2024/march.html]
[www.prestigeconstructions.com/assets/dynamic-js/8a71abad8057b3bdb21735b231b0c40b.js]
[www.prestigeconstructions.com/news/2024/february.html]
[www.prestigeconstructions.com/assets/dynamic-js/da4d10711fa72577e010ae20a634f584.js]
[www.prestigeconstructions.com/news/2024/january.html]
[www.prestigeconstructions.com/assets/dynamic-js/66b75f75fcf292a81841985e5237026d.js]
[www.prestigeconstructions.com/news/2023/december.html]
[www.prestigeconstructions.com/assets/dynamic-js/3460c8a7d39af3f2c1473d69c6f658d5.js]
[www.prestigeconstructions.com/news/2023/november.html]
[www.prestigeconstructions.com/assets/dynamic-js/624409f4e7ae80e51b050f47b7c4684d.js]
[www.prestigeconstructions.com/news/2023/october.html]
[www.prestigeconstructions.com/assets/dynamic-js/57efcc4a4a35e230c1ca552774596068.js]
[www.prestigeconstructions.com/news/2023/september.html]
[www.prestigeconstructions.com/assets/dynamic-js/bb5412748f51665f9ecd942a3bcd7077.js]
[www.prestigeconstructions.com/news/2023/august.html]
[www.prestigeconstructions.com/assets/dynamic-js/310d12b08053baf1586efb41ced7350a.js]
[www.prestigeconstructions.com/news/2023/july.html]
[www.prestigeconstructions.com/assets/dynamic-js/260697d32ebd96befb9e827317354e5c.js]
[www.prestigeconstructions.com/news/2023/june.html]
[www.prestigeconstructions.com/assets/dynamic-js/835cf4c07c5b213368d920b6719ec87c.js]
[www.prestigeconstructions.com/news/2023/may.html]
[www.prestigeconstructions.com/assets/dynamic-js/1a65c89e4bbd6b0b728f390e94668189.js]
[www.prestigeconstructions.com/news/2023/april.html]
[www.prestigeconstructions.com/assets/dynamic-js/af87e41dc501f33a1d5efc1e741c7846.js]
[www.prestigeconstructions.com/news/2023/march.html]
[www.prestigeconstructions.com/assets/dynamic-js/637191b60bc30e171045541e46af5dda.js]
[www.prestigeconstructions.com/news/2023/february.html]
[www.prestigeconstructions.com/assets/dynamic-js/6158c755c6ddeaa24941f5ff782cd7c9.js]
[www.prestigeconstructions.com/news/2023/january.html]
[www.prestigeconstructions.com/assets/dynamic-js/098718a7ec623f365b3ee4f4592b3b34.js]
[www.prestigeconstructions.com/news/2022/december.html]
[www.prestigeconstructions.com/assets/dynamic-js/74210f5b4c7de3870d36c1d87b8ccda9.js]
[www.prestigeconstructions.com/news/2022/november.html]
[www.prestigeconstructions.com/assets/dynamic-js/2474e293dc67db23afb55220281594ab.js]
[www.prestigeconstructions.com/news/2022/october.html]
[www.prestigeconstructions.com/assets/dynamic-js/85e8921192fcb1a3a3b6fb8474564a44.js]
[www.prestigeconstructions.com/news/2022/september.html]
[www.prestigeconstructions.com/assets/dynamic-js/aeedba5f22b229581f754022fc5b1975.js]
[www.prestigeconstructions.com/news/2022/august.html]
[www.prestigeconstructions.com/assets/dynamic-js/e520e57e47746e8d26786ff02eeaaee2.js]
[www.prestigeconstructions.com/news/2022/july.html]
[www.prestigeconstructions.com/assets/dynamic-js/21392fea8bd7197026caca670db944ad.js]
[www.prestigeconstructions.com/news/2022/june.html]
[www.prestigeconstructions.com/assets/dynamic-js/4afe9006c1180318be4096193ec11901.js]
[www.prestigeconstructions.com/news/2022/may.html]
[www.prestigeconstructions.com/assets/dynamic-js/35d360ef38163e17334ce08c0ac721ac.js]
[www.prestigeconstructions.com/news/2022/april.html]
[www.prestigeconstructions.com/assets/dynamic-js/243e9f8699e961297af029ad6b808a80.js]
[www.prestigeconstructions.com/news/2022/march.html]
[www.prestigeconstructions.com/assets/dynamic-js/a03185ebca6ca135e16dda06dd9be132.js]
[www.prestigeconstructions.com/news/2022/february.html]
[www.prestigeconstructions.com/assets/dynamic-js/0e17255018b9ef69d4374b7f2d21bfa1.js]
[www.prestigeconstructions.com/news/2022/january.html]
[www.prestigeconstructions.com/assets/dynamic-js/9d76f48d09c81f1eb37bad81d16c3f28.js]
[www.prestigeconstructions.com/news/2021/december.html]
[www.prestigeconstructions.com/assets/dynamic-js/2219a396827230bec100ddfafa250342.js]
[www.prestigeconstructions.com/news/2021/november.html]
[www.prestigeconstructions.com/assets/dynamic-js/db694d39a74746d1d2b995bb692d937b.js]
[www.prestigeconstructions.com/news/2021/october.html]
[www.prestigeconstructions.com/assets/dynamic-js/09cd44951450a83b1c5c9c88c27a3826.js]
[www.prestigeconstructions.com/news/2021/september.html]
[www.prestigeconstructions.com/assets/dynamic-js/9c946b55dab85bf4dee362d731613f95.js]
[www.prestigeconstructions.com/news/2021/august.html]
[www.prestigeconstructions.com/assets/dynamic-js/381f4bf3b09500a1e5f664865d4eb9c0.js]
[www.prestigeconstructions.com/news/2021/june.html]
[www.prestigeconstructions.com/assets/dynamic-js/6644a621259504f42c6a50164977d394.js]
[www.prestigeconstructions.com/news/2021/may.html]
[www.prestigeconstructions.com/assets/dynamic-js/8bbe303ab791eef0c68521d3d5c0ba33.js]
[www.prestigeconstructions.com/news/2021/april.html]
[www.prestigeconstructions.com/assets/dynamic-js/26f44e6190acfd84c7988a7180cc5b44.js]
[www.prestigeconstructions.com/news/2021/march.html]
[www.prestigeconstructions.com/assets/dynamic-js/d08357e9a0c816e053c1deecb039804b.js]
[www.prestigeconstructions.com/news/2021/february.html]
[www.prestigeconstructions.com/assets/dynamic-js/44418256d1bd39e18a18788e6bf3b552.js]
[www.prestigeconstructions.com/news/2021/january.html]
[www.prestigeconstructions.com/assets/dynamic-js/cfe26c7b0bf92dd343ea1e22726c803c.js]
[www.prestigeconstructions.com/news/2020/december.html]
[www.prestigeconstructions.com/assets/dynamic-js/0bd6c8a065f6141698177dea4c32a5ff.js]
[www.prestigeconstructions.com/news/2020/november.html]
[www.prestigeconstructions.com/assets/dynamic-js/aa8bc321c1c0e48a46e511d0831ca2e4.js]
[www.prestigeconstructions.com/news/2020/october.html]
[www.prestigeconstructions.com/assets/dynamic-js/7e5ec54595c4386da071638acd57810d.js]
[www.prestigeconstructions.com/news/2020/september.html]
[www.prestigeconstructions.com/assets/dynamic-js/47b6e855b9519edce729ef3b6872d903.js]
[www.prestigeconstructions.com/news/2020/august.html]
[www.prestigeconstructions.com/assets/dynamic-js/99f49d996944290230bb984c7cac32c7.js]
[www.prestigeconstructions.com/news/2020/july.html]
[d1t2fddy6amcvs.cloudfront.net/css/pgchat.mindcf6.css]
[www.prestigeconstructions.com/assets/dynamic-js/49d59a5ab4b6ed9a8546ceb2ef775407.js]
[www.prestigeconstructions.com/blog/tag.html]
[d1t2fddy6amcvs.cloudfront.net/css/pgchat.min9c78.css]
[d1t2fddy6amcvs.cloudfront.net/css/pgchat.min700f.css]
[www.prestigeconstructions.com/resources/media/css/custom.min.css]
[d1t2fddy6amcvs.cloudfront.net/css/pgchat.min4b77.css]
[d1t2fddy6amcvs.cloudfront.net/css/pgchat.min99ed.css]
[d1t2fddy6amcvs.cloudfront.net/css/pgchat.minfd5f.css]
[www.prestigeconstructions.com/hi/offices/commercial-projects.html]
[d1t2fddy6amcvs.cloudfront.net/css/pgchat.min77c3.css]
[d1t2fddy6amcvs.cloudfront.net/css/pgchat.mine71d.css]
[d1t2fddy6amcvs.cloudfront.net/css/pgchat.min9860.css]
[d1t2fddy6amcvs.cloudfront.net/css/pgchat.min8b81.css]
[www.prestigeconstructions.com/assets/dynamic-js/645cd5ae1ef73453b6a1636756b79e89.js]
[www.prestigeconstructions.com/hi/upcoming-projects/hyderabad.html]
[dns.devnagri.com/dota76dd.js]
[www.prestigeconstructions.com/hi/upcoming-projects/bangalore.html]
[d1t2fddy6amcvs.cloudfront.net/css/pgchat.min9c23.css]
[d1t2fddy6amcvs.cloudfront.net/css/pgchat.min5efb.css]
[dns.devnagri.com/dota3d13.js]
[www.prestigeconstructions.com/hi/news/2026/june.html]
[dns.devnagri.com/dotaed4e.js]
[www.prestigeconstructions.com/hi/news/2026/may.html]
[dns.devnagri.com/dota4dbd.js]
[www.prestigeconstructions.com/hi/news/2026/april.html]
[dns.devnagri.com/dotac5d1.js]
[www.prestigeconstructions.com/hi/news/2026/march.html]
[dns.devnagri.com/dotafcc6.js]
[www.prestigeconstructions.com/hi/news/2026/february.html]
[dns.devnagri.com/dota0e8b.js]
[www.prestigeconstructions.com/hi/news/2026/january.html]
[dns.devnagri.com/dota419d.js]
[www.prestigeconstructions.com/hi/news/2025/december.html]
[dns.devnagri.com/dotafd6a.js]
[www.prestigeconstructions.com/hi/news/2025/november.html]
[dns.devnagri.com/dotaf8fd.js]
[www.prestigeconstructions.com/hi/news/2025/october.html]
[dns.devnagri.com/dotacdda.js]
[www.prestigeconstructions.com/hi/news/2025/september.html]
[dns.devnagri.com/dotad895.js]
[www.prestigeconstructions.com/hi/news/2025/august.html]
[dns.devnagri.com/dota1c59.js]
[www.prestigeconstructions.com/hi/news/2025/july.html]
[dns.devnagri.com/dotaacde.js]
[www.prestigeconstructions.com/hi/news/2025/june.html]
[dns.devnagri.com/dotab9ae.js]
[www.prestigeconstructions.com/hi/news/2025/may.html]
[dns.devnagri.com/dota5c95.js]
[www.prestigeconstructions.com/hi/news/2025/april.html]
[dns.devnagri.com/dotad472.js]
[www.prestigeconstructions.com/hi/news/2025/march.html]
[dns.devnagri.com/dota7094.js]
[www.prestigeconstructions.com/hi/news/2025/february.html]
[dns.devnagri.com/dota407d.js]
[www.prestigeconstructions.com/hi/news/2025/january.html]
[dns.devnagri.com/dota0f12.js]
[www.prestigeconstructions.com/hi/news/2024/december.html]
[dns.devnagri.com/dotac8fa.js]
[www.prestigeconstructions.com/hi/news/2024/november.html]
[dns.devnagri.com/dota38fd.js]
[www.prestigeconstructions.com/hi/news/2024/october.html]
[dns.devnagri.com/dota75e3.js]
[www.prestigeconstructions.com/hi/news/2024/september.html]
[dns.devnagri.com/dota1114.js]
[www.prestigeconstructions.com/hi/news/2024/august.html]
[dns.devnagri.com/dota1146.js]
[www.prestigeconstructions.com/hi/news/2024/july.html]
[dns.devnagri.com/dota67a5.js]
[www.prestigeconstructions.com/hi/news/2024/june.html]
[dns.devnagri.com/dotaf982.js]
[www.prestigeconstructions.com/hi/news/2024/may.html]
[dns.devnagri.com/dotaea23.js]
[www.prestigeconstructions.com/hi/news/2024/april.html]
[dns.devnagri.com/dota22bb.js]
[www.prestigeconstructions.com/hi/news/2024/march.html]
[dns.devnagri.com/dota35f7.js]
[www.prestigeconstructions.com/hi/news/2024/february.html]
[dns.devnagri.com/dota1497.js]
[www.prestigeconstructions.com/hi/news/2024/january.html]
[dns.devnagri.com/dota88d1.js]
[www.prestigeconstructions.com/hi/news/2023/december.html]
[dns.devnagri.com/dota988f.js]
[www.prestigeconstructions.com/hi/news/2023/november.html]
[dns.devnagri.com/dota5baf.js]
[www.prestigeconstructions.com/hi/news/2023/october.html]
[dns.devnagri.com/dota6a39.js]
[www.prestigeconstructions.com/assets/dynamic-js/ee8156db58d2515e77850f09eb6a8056.js]
[www.prestigeconstructions.com/hi/news/2023/september.html]
[dns.devnagri.com/dota202b.js]
[www.prestigeconstructions.com/hi/news/2023/august.html]
[dns.devnagri.com/dotaf8ef.js]
[www.prestigeconstructions.com/hi/news/2023/june.html]
[dns.devnagri.com/dotab339.js]
[www.prestigeconstructions.com/assets/dynamic-js/8ac6ba50e7df9163eac9a17e2a9ec689.js]
[www.prestigeconstructions.com/hi/news/2023/may.html]
[dns.devnagri.com/dota6b3a.js]
[www.prestigeconstructions.com/hi/news/2023/april.html]
[dns.devnagri.com/dota1023.js]
[www.prestigeconstructions.com/hi/news/2023/march.html]
[dns.devnagri.com/dotad7b8.js]
[www.prestigeconstructions.com/hi/news/2023/february.html]
[dns.devnagri.com/dota2038.js]
[www.prestigeconstructions.com/hi/news/2023/january.html]
[dns.devnagri.com/dotaaf29.js]
[www.prestigeconstructions.com/assets/dynamic-js/a51eb107f00fe731a1a5ca603bf974aa.js]
[www.prestigeconstructions.com/hi/news/2022/december.html]
[dns.devnagri.com/dotafd46.js]
[www.prestigeconstructions.com/assets/dynamic-js/dc97837ba823a9523680fa32b1a37432.js]
[www.prestigeconstructions.com/hi/news/2022/november.html]
[dns.devnagri.com/dota608e.js]
[www.prestigeconstructions.com/assets/dynamic-js/13177b1c49fd3707e7590cc4a58b29cc.js]
[www.prestigeconstructions.com/hi/news/2022/october.html]
[dns.devnagri.com/dota6600.js]
[www.prestigeconstructions.com/assets/dynamic-js/b7fb59a01a217e18f592233b39ebc96f.js]
[www.prestigeconstructions.com/hi/news/2022/september.html]
[dns.devnagri.com/dota4289.js]
[www.prestigeconstructions.com/hi/news/2022/august.html]
[dns.devnagri.com/dotacde8.js]
[www.prestigeconstructions.com/hi/news/2022/july.html]
[dns.devnagri.com/dotae41f.js]
[www.prestigeconstructions.com/hi/news/2022/june.html]
[dns.devnagri.com/dota9eb2.js]
[www.prestigeconstructions.com/assets/dynamic-js/8d1e1cafca4d864350489c1eb6a1a2fb.js]
[www.prestigeconstructions.com/hi/news/2022/may.html]
[dns.devnagri.com/dota00b2.js]
[www.prestigeconstructions.com/assets/dynamic-js/e6dd4aba22a70bd39c9c34f2693d8233.js]
[www.prestigeconstructions.com/hi/news/2022/april.html]
[dns.devnagri.com/dotafc54.js]
[www.prestigeconstructions.com/hi/news/2022/march.html]
[dns.devnagri.com/dota80a8.js]
[www.prestigeconstructions.com/hi/news/2022/february.html]
[dns.devnagri.com/dota7167.js]
[www.prestigeconstructions.com/hi/news/2022/january.html]
[dns.devnagri.com/dota224e.js]
[www.prestigeconstructions.com/assets/dynamic-js/7706ef4f3f2e36eb47bac27cc708978a.js]
[www.prestigeconstructions.com/hi/news/2021/december.html]
[dns.devnagri.com/dota63da.js]
[www.prestigeconstructions.com/assets/dynamic-js/619cd9e0aa218c43554cf223e3c231d7.js]
[www.prestigeconstructions.com/hi/news/2021/november.html]
[dns.devnagri.com/dota9d56.js]
[www.prestigeconstructions.com/hi/news/2021/october.html]
[dns.devnagri.com/dota5beb.js]
[www.prestigeconstructions.com/assets/dynamic-js/a04f2f3b0ab025218a5f27a9dd7eaba5.js]
[www.prestigeconstructions.com/hi/news/2021/september.html]
[dns.devnagri.com/dotad7b9.js]
[www.prestigeconstructions.com/assets/dynamic-js/643b9e4c1a888569fa8a163fecb5a7b6.js]
[www.prestigeconstructions.com/hi/news/2021/august.html]
[dns.devnagri.com/dota16a0.js]
[www.prestigeconstructions.com/hi/news/2021/june.html]
[dns.devnagri.com/dota5359.js]
[www.prestigeconstructions.com/assets/dynamic-js/2ed1e95a0e93157b5f07c4780ca52b4c.js]
[www.prestigeconstructions.com/hi/news/2021/may.html]
[dns.devnagri.com/dotaf900.js]
[www.prestigeconstructions.com/assets/dynamic-js/896aa50bf838f41b718e66a59273350a.js]
[www.prestigeconstructions.com/hi/news/2021/april.html]
[dns.devnagri.com/dotacced.js]
[www.prestigeconstructions.com/hi/news/2021/march.html]
[dns.devnagri.com/dota0074.js]
[www.prestigeconstructions.com/hi/news/2021/february.html]
[dns.devnagri.com/dota25e3.js]
[www.prestigeconstructions.com/assets/dynamic-js/5ccff39af56ea2de569a73d33345b629.js]
[www.prestigeconstructions.com/hi/news/2021/january.html]
[dns.devnagri.com/dota1624.js]
[www.prestigeconstructions.com/hi/news/2020/december.html]
[dns.devnagri.com/dotaef2e.js]
[www.prestigeconstructions.com/assets/dynamic-js/efc6750652219e952d67623524049ed9.js]
[www.prestigeconstructions.com/hi/news/2020/november.html]
[dns.devnagri.com/dota1a9a.js]
[www.prestigeconstructions.com/hi/news/2020/october.html]
[dns.devnagri.com/dotaed54.js]
[www.prestigeconstructions.com/hi/news/2020/september.html]
[dns.devnagri.com/dota23b4.js]
[www.prestigeconstructions.com/hi/news/2020/august.html]
[dns.devnagri.com/dota9160.js]
[www.prestigeconstructions.com/hi/news/2020/july.html]
[d1t2fddy6amcvs.cloudfront.net/css/pgchat.min040c.css]
[d1t2fddy6amcvs.cloudfront.net/css/pgchat.min9546.css]
[d1t2fddy6amcvs.cloudfront.net/css/pgchat.minbafb.css]
[d1t2fddy6amcvs.cloudfront.net/css/pgchat.minacca.css]
[d1t2fddy6amcvs.cloudfront.net/css/pgchat.min1c20.css]
[d1t2fddy6amcvs.cloudfront.net/css/pgchat.min817c.css]
[d1t2fddy6amcvs.cloudfront.net/css/pgchat.min2e49.css]
[d1t2fddy6amcvs.cloudfront.net/css/pgchat.min7442.css]
[d1t2fddy6amcvs.cloudfront.net/css/pgchat.min5f63.css]
[d1t2fddy6amcvs.cloudfront.net/css/pgchat.min5b6a.css]
[d1t2fddy6amcvs.cloudfront.net/css/pgchat.mina345.css]
[d1t2fddy6amcvs.cloudfront.net/css/pgchat.min60af.css]
[www.prestigeconstructions.com/kn/offices/commercial-projects.html]
[d1t2fddy6amcvs.cloudfront.net/css/pgchat.min21e4.css]
[d1t2fddy6amcvs.cloudfront.net/css/pgchat.min77a3.css]
[d1t2fddy6amcvs.cloudfront.net/css/pgchat.min8e3a.css]
[d1t2fddy6amcvs.cloudfront.net/css/pgchat.minc8a1.css]
[dns.devnagri.com/dotad12b.js]
[www.prestigeconstructions.com/kn/upcoming-projects/hyderabad.html]
[dns.devnagri.com/dotaeb90.js]
[www.prestigeconstructions.com/kn/upcoming-projects/bangalore.html]
[d1t2fddy6amcvs.cloudfront.net/css/pgchat.min1417.css]
[d1t2fddy6amcvs.cloudfront.net/css/pgchat.mina65c.css]
[dns.devnagri.com/dotaafb4.js]
[www.prestigeconstructions.com/kn/news/2026/june.html]
[dns.devnagri.com/dotaea5d.js]
[www.prestigeconstructions.com/kn/news/2026/may.html]
[dns.devnagri.com/dota1b67.js]
[www.prestigeconstructions.com/kn/news/2026/april.html]
[dns.devnagri.com/dota89c8.js]
[www.prestigeconstructions.com/kn/news/2026/march.html]
[dns.devnagri.com/dota3f25.js]
[www.prestigeconstructions.com/kn/news/2026/february.html]
[dns.devnagri.com/dotac6b2.js]
[www.prestigeconstructions.com/kn/news/2026/january.html]
[dns.devnagri.com/dota8a91.js]
[www.prestigeconstructions.com/kn/news/2025/december.html]
[dns.devnagri.com/dota6928.js]
[www.prestigeconstructions.com/kn/news/2025/november.html]
[dns.devnagri.com/dota24b9.js]
[www.prestigeconstructions.com/kn/news/2025/october.html]
[dns.devnagri.com/dota7605.js]
[www.prestigeconstructions.com/kn/news/2025/september.html]
[dns.devnagri.com/dota7759.js]
[www.prestigeconstructions.com/kn/news/2025/august.html]
[dns.devnagri.com/dotad3fe.js]
[www.prestigeconstructions.com/kn/news/2025/july.html]
[dns.devnagri.com/dota0676.js]
[www.prestigeconstructions.com/kn/news/2025/june.html]
[dns.devnagri.com/dota6e68.js]
[www.prestigeconstructions.com/kn/news/2025/may.html]
[dns.devnagri.com/dotac320.js]
[www.prestigeconstructions.com/kn/news/2025/april.html]
[dns.devnagri.com/dota072e.js]
[www.prestigeconstructions.com/kn/news/2025/march.html]
[dns.devnagri.com/dotac871.js]
[www.prestigeconstructions.com/kn/news/2025/february.html]
[dns.devnagri.com/dota41b4.js]
[www.prestigeconstructions.com/kn/news/2025/january.html]
[dns.devnagri.com/dota530d.js]
[www.prestigeconstructions.com/kn/news/2024/december.html]
[dns.devnagri.com/dota5fb8.js]
[www.prestigeconstructions.com/kn/news/2024/november.html]
[dns.devnagri.com/dota688f.js]
[www.prestigeconstructions.com/kn/news/2024/october.html]
[dns.devnagri.com/dota3bd8.js]
[www.prestigeconstructions.com/kn/news/2024/september.html]
[dns.devnagri.com/dotaf4dd.js]
[www.prestigeconstructions.com/kn/news/2024/august.html]
[dns.devnagri.com/dotaebfa.js]
[www.prestigeconstructions.com/kn/news/2024/july.html]
[dns.devnagri.com/dota5692.js]
[www.prestigeconstructions.com/kn/news/2024/june.html]
[dns.devnagri.com/dota4cb4.js]
[www.prestigeconstructions.com/kn/news/2024/may.html]
[dns.devnagri.com/dotadcb9.js]
[www.prestigeconstructions.com/kn/news/2024/april.html]
[dns.devnagri.com/dotae0e2.js]
[www.prestigeconstructions.com/kn/news/2024/march.html]
[dns.devnagri.com/dotade80.js]
[www.prestigeconstructions.com/kn/news/2024/february.html]
[dns.devnagri.com/dotae331.js]
[www.prestigeconstructions.com/kn/news/2024/january.html]
[dns.devnagri.com/dota30fc.js]
[www.prestigeconstructions.com/kn/news/2023/december.html]
[dns.devnagri.com/dota0dec.js]
[www.prestigeconstructions.com/kn/news/2023/november.html]
[dns.devnagri.com/dota283b.js]
[www.prestigeconstructions.com/kn/news/2023/october.html]
[dns.devnagri.com/dota89de.js]
[www.prestigeconstructions.com/kn/news/2023/september.html]
[dns.devnagri.com/dotad9c9.js]
[www.prestigeconstructions.com/assets/dynamic-js/b72089c568be048229998b2107720829.js]
[www.prestigeconstructions.com/kn/news/2023/august.html]
[dns.devnagri.com/dota08cb.js]
[www.prestigeconstructions.com/kn/news/2023/june.html]
[dns.devnagri.com/dota45ac.js]
[www.prestigeconstructions.com/kn/news/2023/may.html]
[dns.devnagri.com/dota7dff.js]
[www.prestigeconstructions.com/kn/news/2023/april.html]
[dns.devnagri.com/dotaa350.js]
[www.prestigeconstructions.com/kn/news/2023/march.html]
[dns.devnagri.com/dota6d05.js]
[www.prestigeconstructions.com/assets/dynamic-js/a428ee2a95358b5054fa4f943c88efaf.js]
[www.prestigeconstructions.com/kn/news/2023/february.html]
[dns.devnagri.com/dotab02b.js]
[www.prestigeconstructions.com/kn/news/2023/january.html]
[dns.devnagri.com/dota5b3f.js]
[www.prestigeconstructions.com/kn/news/2022/december.html]
[dns.devnagri.com/dota4170.js]
[www.prestigeconstructions.com/kn/news/2022/november.html]
[dns.devnagri.com/dota816c.js]
[www.prestigeconstructions.com/kn/news/2022/october.html]
[dns.devnagri.com/dota1d79.js]
[www.prestigeconstructions.com/kn/news/2022/september.html]
[dns.devnagri.com/dota5530.js]
[www.prestigeconstructions.com/assets/dynamic-js/1e08634c7c1c83b6d780e34b077ca4ca.js]
[www.prestigeconstructions.com/kn/news/2022/august.html]
[dns.devnagri.com/dota4ebe.js]
[www.prestigeconstructions.com/assets/dynamic-js/e82525e131f731e2baf77d742ffd7501.js]
[www.prestigeconstructions.com/kn/news/2022/july.html]
[dns.devnagri.com/dotadee7.js]
[www.prestigeconstructions.com/kn/news/2022/june.html]
[dns.devnagri.com/dotae683.js]
[www.prestigeconstructions.com/kn/news/2022/may.html]
[dns.devnagri.com/dotaeaec.js]
[www.prestigeconstructions.com/kn/news/2022/april.html]
[dns.devnagri.com/dota28dc.js]
[www.prestigeconstructions.com/kn/news/2022/march.html]
[dns.devnagri.com/dota8c5f.js]
[www.prestigeconstructions.com/kn/news/2022/february.html]
[dns.devnagri.com/dota0457.js]
[www.prestigeconstructions.com/kn/news/2022/january.html]
[dns.devnagri.com/dotaacab.js]
[www.prestigeconstructions.com/kn/news/2021/december.html]
[dns.devnagri.com/dota65ec.js]
[www.prestigeconstructions.com/kn/news/2021/november.html]
[dns.devnagri.com/dotae467.js]
[www.prestigeconstructions.com/kn/news/2021/october.html]
[dns.devnagri.com/dota76db.js]
[www.prestigeconstructions.com/kn/news/2021/september.html]
[dns.devnagri.com/dota224b.js]
[www.prestigeconstructions.com/kn/news/2021/august.html]
[dns.devnagri.com/dota450d.js]
[www.prestigeconstructions.com/kn/news/2021/june.html]
[dns.devnagri.com/dota27ed.js]
[www.prestigeconstructions.com/kn/news/2021/may.html]
[dns.devnagri.com/dota0961.js]
[www.prestigeconstructions.com/kn/news/2021/april.html]
[dns.devnagri.com/dota956e.js]
[www.prestigeconstructions.com/kn/news/2021/march.html]
[dns.devnagri.com/dota2268.js]
[www.prestigeconstructions.com/kn/news/2021/february.html]
[dns.devnagri.com/dota170a.js]
[www.prestigeconstructions.com/kn/news/2021/january.html]
[dns.devnagri.com/dota19cf.js]
[www.prestigeconstructions.com/kn/news/2020/december.html]
[dns.devnagri.com/dotae769.js]
[www.prestigeconstructions.com/kn/news/2020/november.html]
[dns.devnagri.com/dota9843.js]
[www.prestigeconstructions.com/kn/news/2020/october.html]
[dns.devnagri.com/dota90a3.js]
[www.prestigeconstructions.com/kn/news/2020/september.html]
[dns.devnagri.com/dotaf796.js]
[www.prestigeconstructions.com/kn/news/2020/august.html]
[dns.devnagri.com/dotad354.js]
[www.prestigeconstructions.com/kn/news/2020/july.html]
[d1t2fddy6amcvs.cloudfront.net/css/pgchat.min82cf.css]
[d1t2fddy6amcvs.cloudfront.net/css/pgchat.min61db.css]
[d1t2fddy6amcvs.cloudfront.net/css/pgchat.min0168.css]
[d1t2fddy6amcvs.cloudfront.net/css/pgchat.minc13f.css]
[d1t2fddy6amcvs.cloudfront.net/css/pgchat.minf6f4.css]
[d1t2fddy6amcvs.cloudfront.net/css/pgchat.min8f8b.css]
[d1t2fddy6amcvs.cloudfront.net/css/pgchat.min46fd.css]
[d1t2fddy6amcvs.cloudfront.net/css/pgchat.min9bb2.css]
[d1t2fddy6amcvs.cloudfront.net/css/pgchat.minf45e.css]
[d1t2fddy6amcvs.cloudfront.net/css/pgchat.min63f3.css]
[dns.devnagri.com/dotaf787.js]
[www.prestigeconstructions.com/hi/residential-projects/bangalore.html]
[dns.devnagri.com/dota0827.js]
[www.prestigeconstructions.com/kn/residential-projects/bangalore.html]
[d1t2fddy6amcvs.cloudfront.net/css/pgchat.min41d0.css]
[dns.devnagri.com/dota9d3e.js]
[www.prestigeconstructions.com/hi/residential-projects/mumbai.html]
[dns.devnagri.com/dota8366.js]
[www.prestigeconstructions.com/kn/residential-projects/mumbai.html]
[d1t2fddy6amcvs.cloudfront.net/css/pgchat.min1e8b.css]
[dns.devnagri.com/dota7688.js]
[www.prestigeconstructions.com/hi/residential-projects/hyderabad.html]
[dns.devnagri.com/dota1d8f.js]
[www.prestigeconstructions.com/kn/residential-projects/hyderabad.html]
[dns.devnagri.com/dota5842.js]
[www.prestigeconstructions.com/hi/residential-projects/cochin.html]
[dns.devnagri.com/dota650e.js]
[www.prestigeconstructions.com/kn/residential-projects/cochin.html]
[d1t2fddy6amcvs.cloudfront.net/css/pgchat.mine3d3.css]
[dns.devnagri.com/dota721f.js]
[www.prestigeconstructions.com/hi/residential-projects/delhi-ncr.html]
[dns.devnagri.com/dotae444.js]
[www.prestigeconstructions.com/kn/residential-projects/delhi-ncr.html]
[d1t2fddy6amcvs.cloudfront.net/css/pgchat.minb75a.css]
[dns.devnagri.com/dota3366.js]
[www.prestigeconstructions.com/hi/residential-projects/mangalore.html]
[dns.devnagri.com/dota5c8e.js]
[www.prestigeconstructions.com/kn/residential-projects/mangalore.html]
[dns.devnagri.com/dotac679.js]
[www.prestigeconstructions.com/hi/residential-projects/chennai.html]
[dns.devnagri.com/dota6926.js]
[www.prestigeconstructions.com/kn/residential-projects/chennai.html]
[d1t2fddy6amcvs.cloudfront.net/css/pgchat.min156f.css]
[dns.devnagri.com/dota07ac.js]
[www.prestigeconstructions.com/hi/residential-projects/kozhikode.html]
[dns.devnagri.com/dotadffb.js]
[www.prestigeconstructions.com/kn/residential-projects/kozhikode.html]
[dns.devnagri.com/dota6301.js]
[www.prestigeconstructions.com/hi/residential-projects/goa.html]
[dns.devnagri.com/dota2c4f.js]
[www.prestigeconstructions.com/kn/residential-projects/goa.html]
[d1t2fddy6amcvs.cloudfront.net/css/pgchat.min799d.css]
[dns.devnagri.com/dotad3bb.js]
[www.prestigeconstructions.com/resources/media/js/accordian.min.js]
[www.prestigeconstructions.com/nri-corner/faqs.html]
[d1t2fddy6amcvs.cloudfront.net/css/pgchat.min7c45.css]
[d1t2fddy6amcvs.cloudfront.net/css/pgchat.mina9e8.css]
[d1t2fddy6amcvs.cloudfront.net/css/pgchat.min6986.css]
[d1t2fddy6amcvs.cloudfront.net/css/pgchat.min73b0.css]
[d1t2fddy6amcvs.cloudfront.net/css/pgchat.min319b.css]
[d1t2fddy6amcvs.cloudfront.net/css/pgchat.minb2f9.css]
[d1t2fddy6amcvs.cloudfront.net/css/pgchat.min2e65.css]
[d1t2fddy6amcvs.cloudfront.net/css/pgchat.min0aec.css]
[d1t2fddy6amcvs.cloudfront.net/css/pgchat.minb8d2.css]
[d1t2fddy6amcvs.cloudfront.net/css/pgchat.min7ff3.css]
[d1t2fddy6amcvs.cloudfront.net/css/pgchat.min71b4.css]
[d1t2fddy6amcvs.cloudfront.net/css/pgchat.minfde4.css]
[d1t2fddy6amcvs.cloudfront.net/css/pgchat.mina02a.css]
[d1t2fddy6amcvs.cloudfront.net/css/pgchat.min33b2.css]
[d1t2fddy6amcvs.cloudfront.net/css/pgchat.min82e8.css]
[d1t2fddy6amcvs.cloudfront.net/css/pgchat.min07ba.css]
[d1t2fddy6amcvs.cloudfront.net/css/pgchat.minea0a.css]
[d1t2fddy6amcvs.cloudfront.net/css/pgchat.min5921.css]
[d1t2fddy6amcvs.cloudfront.net/css/pgchat.minb15a.css]
[d1t2fddy6amcvs.cloudfront.net/css/pgchat.min83ad.css]
[d1t2fddy6amcvs.cloudfront.net/css/pgchat.min2851.css]
[d1t2fddy6amcvs.cloudfront.net/css/pgchat.min78e1.css]
[d1t2fddy6amcvs.cloudfront.net/css/pgchat.min3b15.css]
[d1t2fddy6amcvs.cloudfront.net/css/pgchat.min2a4e.css]
[d1t2fddy6amcvs.cloudfront.net/css/pgchat.mind610.css]
[d1t2fddy6amcvs.cloudfront.net/css/pgchat.mina76f.css]
[d1t2fddy6amcvs.cloudfront.net/css/pgchat.min87bc.css]
[d1t2fddy6amcvs.cloudfront.net/css/pgchat.min6b75.css]
[d1t2fddy6amcvs.cloudfront.net/css/pgchat.min29f1.css]
[d1t2fddy6amcvs.cloudfront.net/css/pgchat.min1fa9.css]
[d1t2fddy6amcvs.cloudfront.net/css/pgchat.min4a2c.css]
[d1t2fddy6amcvs.cloudfront.net/css/pgchat.min0011.css]
[d1t2fddy6amcvs.cloudfront.net/css/pgchat.minff9a.css]
[d1t2fddy6amcvs.cloudfront.net/css/pgchat.minf41a.css]
[d1t2fddy6amcvs.cloudfront.net/css/pgchat.min5446.css]
[d1t2fddy6amcvs.cloudfront.net/css/pgchat.min09c4.css]
[d1t2fddy6amcvs.cloudfront.net/css/pgchat.min10b1.css]
[d1t2fddy6amcvs.cloudfront.net/css/pgchat.min2074.css]
[d1t2fddy6amcvs.cloudfront.net/css/pgchat.minfedb.css]
[d1t2fddy6amcvs.cloudfront.net/css/pgchat.mineec3.css]
[d1t2fddy6amcvs.cloudfront.net/css/pgchat.minbcdf.css]
[d1t2fddy6amcvs.cloudfront.net/css/pgchat.mina7d1.css]
[d1t2fddy6amcvs.cloudfront.net/css/pgchat.min1ec0.css]
[d1t2fddy6amcvs.cloudfront.net/css/pgchat.min33da.css]
[d1t2fddy6amcvs.cloudfront.net/css/pgchat.min356d.css]
[d1t2fddy6amcvs.cloudfront.net/css/pgchat.mine416.css]
[d1t2fddy6amcvs.cloudfront.net/css/pgchat.minbf90.css]
[www.prestigeconstructions.com/hi/nri-corner.html]
[www.prestigeconstructions.com/hi/blog.html]
[www.prestigeconstructions.com/hi/news/2023/july.html]
[d1t2fddy6amcvs.cloudfront.net/css/pgchat.min16de.css]
[d1t2fddy6amcvs.cloudfront.net/css/pgchat.min8b66.css]
[d1t2fddy6amcvs.cloudfront.net/css/pgchat.min9cd8.css]
[d1t2fddy6amcvs.cloudfront.net/css/pgchat.min1aea.css]
[d1t2fddy6amcvs.cloudfront.net/css/pgchat.minedf2.css]
[d1t2fddy6amcvs.cloudfront.net/css/pgchat.min3840.css]
[d1t2fddy6amcvs.cloudfront.net/css/pgchat.mine64d.css]
[d1t2fddy6amcvs.cloudfront.net/css/pgchat.min3f96.css]
[d1t2fddy6amcvs.cloudfront.net/css/pgchat.mina612.css]
[d1t2fddy6amcvs.cloudfront.net/css/pgchat.mine714.css]
[d1t2fddy6amcvs.cloudfront.net/css/pgchat.minb6f1.css]
[d1t2fddy6amcvs.cloudfront.net/css/pgchat.mine684.css]
[d1t2fddy6amcvs.cloudfront.net/css/pgchat.mine09c.css]
[d1t2fddy6amcvs.cloudfront.net/css/pgchat.min370f.css]
[d1t2fddy6amcvs.cloudfront.net/css/pgchat.min55ac.css]
[d1t2fddy6amcvs.cloudfront.net/css/pgchat.minb0bf.css]
[d1t2fddy6amcvs.cloudfront.net/css/pgchat.minf881.css]
[d1t2fddy6amcvs.cloudfront.net/css/pgchat.min8a47.css]
[d1t2fddy6amcvs.cloudfront.net/css/pgchat.minac1f.css]
[d1t2fddy6amcvs.cloudfront.net/css/pgchat.min6a6d.css]
[d1t2fddy6amcvs.cloudfront.net/css/pgchat.minee3a.css]
[d1t2fddy6amcvs.cloudfront.net/css/pgchat.min77cf.css]
[d1t2fddy6amcvs.cloudfront.net/css/pgchat.min6181.css]
[d1t2fddy6amcvs.cloudfront.net/css/pgchat.min4671.css]
[d1t2fddy6amcvs.cloudfront.net/css/pgchat.mina977.css]
[d1t2fddy6amcvs.cloudfront.net/css/pgchat.min82d0.css]
[d1t2fddy6amcvs.cloudfront.net/css/pgchat.minbbe1.css]
[d1t2fddy6amcvs.cloudfront.net/css/pgchat.min999a.css]
[d1t2fddy6amcvs.cloudfront.net/css/pgchat.min448d.css]
[d1t2fddy6amcvs.cloudfront.net/css/pgchat.mincd65.css]
[d1t2fddy6amcvs.cloudfront.net/css/pgchat.min76ee.css]
[d1t2fddy6amcvs.cloudfront.net/css/pgchat.minde0b.css]
[d1t2fddy6amcvs.cloudfront.net/css/pgchat.minf4c0.css]
[d1t2fddy6amcvs.cloudfront.net/css/pgchat.min64fb.css]
[d1t2fddy6amcvs.cloudfront.net/css/pgchat.min63ed.css]
[d1t2fddy6amcvs.cloudfront.net/css/pgchat.min0798.css]
[d1t2fddy6amcvs.cloudfront.net/css/pgchat.min8525.css]
[d1t2fddy6amcvs.cloudfront.net/css/pgchat.mina026.css]
[d1t2fddy6amcvs.cloudfront.net/css/pgchat.min387f.css]
[d1t2fddy6amcvs.cloudfront.net/css/pgchat.min2dab.css]
[d1t2fddy6amcvs.cloudfront.net/css/pgchat.min143a.css]
[d1t2fddy6amcvs.cloudfront.net/css/pgchat.minc21c.css]
[d1t2fddy6amcvs.cloudfront.net/css/pgchat.min9533.css]
[d1t2fddy6amcvs.cloudfront.net/css/pgchat.min4948.css]
[d1t2fddy6amcvs.cloudfront.net/css/pgchat.min955e.css]
[d1t2fddy6amcvs.cloudfront.net/css/pgchat.min7be2.css]
[d1t2fddy6amcvs.cloudfront.net/css/pgchat.mind93e.css]
[d1t2fddy6amcvs.cloudfront.net/css/pgchat.min4203.css]
[d1t2fddy6amcvs.cloudfront.net/css/pgchat.min59b8.css]
[d1t2fddy6amcvs.cloudfront.net/css/pgchat.mincecf.css]
[www.prestigeconstructions.com/kn/nri-corner.html]
[d1t2fddy6amcvs.cloudfront.net/css/pgchat.min5253.css]
[d1t2fddy6amcvs.cloudfront.net/css/pgchat.min897b.css]
[d1t2fddy6amcvs.cloudfront.net/css/pgchat.min07ff.css]
[d1t2fddy6amcvs.cloudfront.net/css/pgchat.min023b.css]
[d1t2fddy6amcvs.cloudfront.net/css/pgchat.minb290.css]
[d1t2fddy6amcvs.cloudfront.net/css/pgchat.min0c07.css]
[d1t2fddy6amcvs.cloudfront.net/css/pgchat.min66c5.css]
[d1t2fddy6amcvs.cloudfront.net/css/pgchat.min72d3.css]
[www.prestigeconstructions.com/kn/news/2023/july.html]
[d1t2fddy6amcvs.cloudfront.net/css/pgchat.mine15b.css]
[d1t2fddy6amcvs.cloudfront.net/css/pgchat.min4367.css]
[d1t2fddy6amcvs.cloudfront.net/css/pgchat.min3d19.css]
[d1t2fddy6amcvs.cloudfront.net/css/pgchat.min8103.css]
[d1t2fddy6amcvs.cloudfront.net/css/pgchat.min1266.css]
[d1t2fddy6amcvs.cloudfront.net/css/pgchat.mincea2.css]
[d1t2fddy6amcvs.cloudfront.net/css/pgchat.minf578.css]
[d1t2fddy6amcvs.cloudfront.net/css/pgchat.mina230.css]
[d1t2fddy6amcvs.cloudfront.net/css/pgchat.min3ea1.css]
[d1t2fddy6amcvs.cloudfront.net/css/pgchat.minee24.css]
[d1t2fddy6amcvs.cloudfront.net/css/pgchat.min2a68.css]
[d1t2fddy6amcvs.cloudfront.net/css/pgchat.min37e7.css]
[d1t2fddy6amcvs.cloudfront.net/css/pgchat.min492e.css]
[www.prestigeconstructions.com/assets/dynamic-js/dbd8693e1ac5c132a40bc698d154e09a.html]
[www.prestigeconstructions.com/kn/blog.html]
[d1t2fddy6amcvs.cloudfront.net/css/pgchat.mina5a4.css]
[www.prestigeconstructions.com/assets/dynamic-js/b1e25be3bcb2aa704b6f5cfe844fbdf6.html]
[d1t2fddy6amcvs.cloudfront.net/css/pgchat.minc8f0.css]
[www.prestigeconstructions.com/assets/dynamic-js/bd7791c58c6e2c47076467f7bcd57ac8.html]
[d1t2fddy6amcvs.cloudfront.net/css/pgchat.min4ce5.css]
[d1t2fddy6amcvs.cloudfront.net/css/pgchat.min9982.css]
[d1t2fddy6amcvs.cloudfront.net/css/pgchat.min468b.css]
[www.prestigeconstructions.com/assets/dynamic-js/91cb0f9e7226d82b91bafdb7d6fd836d.html]
[d1t2fddy6amcvs.cloudfront.net/css/pgchat.min4fc1.css]
[d1t2fddy6amcvs.cloudfront.net/css/pgchat.mina309.css]
[d1t2fddy6amcvs.cloudfront.net/css/pgchat.min900d.css]
[www.prestigeconstructions.com/assets/dynamic-js/a47740222b9ee9cb66d39cfd0713f7d9.html]
[d1t2fddy6amcvs.cloudfront.net/css/pgchat.minc61f.css]
[www.prestigeconstructions.com/assets/dynamic-js/16aabc075f84f75f81bf268c476e9455.html]
[d1t2fddy6amcvs.cloudfront.net/css/pgchat.mine41e.css]
[d1t2fddy6amcvs.cloudfront.net/css/pgchat.minac55.css]
[d1t2fddy6amcvs.cloudfront.net/css/pgchat.min4eab.css]
[www.prestigeconstructions.com/assets/dynamic-js/88604e0691c8979e7175b297fc28b534.html]
[d1t2fddy6amcvs.cloudfront.net/css/pgchat.minefa5.css]
[d1t2fddy6amcvs.cloudfront.net/css/pgchat.minbdb2.css]
[d1t2fddy6amcvs.cloudfront.net/css/pgchat.min653f.css]
[d1t2fddy6amcvs.cloudfront.net/css/pgchat.min525b.css]
[d1t2fddy6amcvs.cloudfront.net/css/pgchat.min77f4.css]
[d1t2fddy6amcvs.cloudfront.net/css/pgchat.mind4f6.css]
[d1t2fddy6amcvs.cloudfront.net/css/pgchat.min8e4c.css]
[d1t2fddy6amcvs.cloudfront.net/css/pgchat.min9d33.css]
[d1t2fddy6amcvs.cloudfront.net/css/pgchat.min5a9d.css]
[d1t2fddy6amcvs.cloudfront.net/css/pgchat.mindb1a.css]
[d1t2fddy6amcvs.cloudfront.net/css/pgchat.minf934.css]
[d1t2fddy6amcvs.cloudfront.net/css/pgchat.minab08.css]
[d1t2fddy6amcvs.cloudfront.net/css/pgchat.min7516.css]
[d1t2fddy6amcvs.cloudfront.net/css/pgchat.mindfaa.css]
[d1t2fddy6amcvs.cloudfront.net/css/pgchat.minaaa2.css]
[d1t2fddy6amcvs.cloudfront.net/css/pgchat.mine27c.css]
[d1t2fddy6amcvs.cloudfront.net/css/pgchat.min0015.css]
[www.prestigeconstructions.com/assets/dynamic-js/4b1193a73ed83b2bd98fb90ee1049892.js]
